Hit count: 11
Miss count: 12
Clean evictions: 0
Dirty evictions: 4
Total references : 23
Hit rate: 47.8261
Miss rate: 52.1739
